// Jest Snapshot v1, https://goo.gl/fbAQLP

exports[`Incidencias dashboard empty 1`] = `
<div
  className="loading-div"
>
  <div
    className="loading-gif"
  >
    <div
      data-testid="tail-spin-loading"
      style={
        Object {
          "display": "flex",
        }
      }
    >
      <svg
        aria-label="loading"
        data-testid="tail-spin-svg"
        height={80}
        viewBox="0 0 38 38"
        width="100vw"
        xmlns="http://www.w3.org/2000/svg"
      >
        <defs>
          <linearGradient
            id="a"
            x1="8.042%"
            x2="65.682%"
            y1="0%"
            y2="23.865%"
          >
            <stop
              offset="0%"
              stopColor="#011a30"
              stopOpacity="0"
            />
            <stop
              offset="63.146%"
              stopColor="#011a30"
              stopOpacity=".631"
            />
            <stop
              offset="100%"
              stopColor="#011a30"
            />
          </linearGradient>
        </defs>
        <g
          fill="none"
          fillRule="evenodd"
        >
          <g
            transform="translate(1 1)"
          >
            <path
              d="M36 18c0-9.94-8.06-18-18-18"
              id="Oval-2"
              stroke="#011a30"
              strokeWidth="2"
            >
              <animateTransform
                attributeName="transform"
                dur="0.9s"
                from="0 18 18"
                repeatCount="indefinite"
                to="360 18 18"
                type="rotate"
              />
            </path>
            <circle
              cx="36"
              cy="18"
              fill="#fff"
              r={1}
            >
              <animateTransform
                attributeName="transform"
                dur="0.9s"
                from="0 18 18"
                repeatCount="indefinite"
                to="360 18 18"
                type="rotate"
              />
            </circle>
          </g>
        </g>
      </svg>
    </div>
  </div>
</div>
`;
